// Vitest Snapshot v1, https://vitest.dev/guide/snapshot.html

exports[`AmeliproCopyBtn > render correctly 1`] = `
<div
  class="amelipro-copy-btn-wrapper"
  id="my-btn-id"
>
  <button
    class="
      amelipro-copy-btn
      btn--icon
      elevation-0
      ml-4
      rounded-0
      v-btn
      v-btn--density-default
      v-btn--elevated
      v-btn--icon
      v-btn--size-default
      v-btn--variant-elevated
      v-theme--light
    "
    id="my-btn-id-copy-btn"
    plain=""
    style="
      height: auto;
      width: auto;
    "
    title="Copier le texte"
    type="button"
  >
    <span class="v-btn__overlay"></span>
    <span class="v-btn__underlay"></span>
    <!---->
    <span
      class="v-btn__content"
      data-no-activator=""
    >
      <span
        class="
          amelipro-btn__label
          d-sr-only
        "
        id="my-btn-id-copy-btn-btn-label"
      >
        Copier le texte
      </span>
      <span
        class="
          amelipro-icon
          icon-custom
        "
        id="my-btn-id-copy-btn-icon"
      >
        <span
          aria-hidden="true"
          class="
            amelipro-custom-icon
            custom-color
            large
          "
          focusable="false"
          role="img"
          style="color: #00749C;"
        >
          <span></span>
        </span>
      </span>
    </span>
    <!---->
    <!---->
  </button>
  <!-- v-if -->
</div>
`;
