// Vitest Snapshot v1, https://vitest.dev/guide/snapshot.html

exports[`AmeliproDropdownMenuBtn > render correctly 1`] = `
<button
  class="
    amelipro-btn
    amelipro-btn--style
    bg-ap-white
    dropdown-menu__btn
    dropdown-menu__btn
    elevation-0
    text-left
    text-left
    text-none
    text-none
    v-btn
    v-btn--density-default
    v-btn--flat
    v-btn--size-default
    v-btn--variant-flat
    v-theme--light
    w-100
    w-100
  "
  id="my-btn-id"
  role="menuitem"
  style="
    height: auto;
    min-height: 2.5rem;
    color: #1A1B1B !important;
  "
  tabindex="-1"
  type="button"
>
  <span class="v-btn__overlay"></span>
  <span class="v-btn__underlay"></span>
  <!---->
  <span
    class="v-btn__content"
    data-no-activator=""
  >
    <span class="
      align-center
      amelipro-custom-btn
      d-flex
      flex-row
    ">
      label du bouton
      <!-- v-if -->
      <!-- v-if -->
    </span>
  </span>
  <!---->
  <!---->
</button>
`;
