// Vitest Snapshot v1, https://vitest.dev/guide/snapshot.html

exports[`SocialMediaLinks.vue > renders correctly with default props 1`] = `
"<div data-v-9d3df26f="" class="d-flex flex-column"><span data-v-9d3df26f="" class="vd-social-media-links-label text-subtitle-2 text--primary">Suivez-nous</span>
  <ul data-v-9d3df26f="" class="d-flex max-width-none"></ul>
</div>"
`;

exports[`SocialMediaLinks.vue > renders correctly with provided links 1`] = `
"<div data-v-9d3df26f="" class="d-flex flex-column"><span data-v-9d3df26f="" class="vd-social-media-links-label text-subtitle-2 text--primary">Suivez-nous</span>
  <ul data-v-9d3df26f="" class="d-flex max-width-none">
    <li data-v-9d3df26f="">
      <vbtn data-v-9d3df26f="" id="social-btn" href="https://twitter.com" target="_blank" rel="noopener noreferrer" icon="true" variant="text">
        <vicon data-v-9d3df26f="" size="30px" class="vd-social-media-links-icon">mdi-twitter</vicon>
      </vbtn>
    </li>
    <li data-v-9d3df26f="">
      <vbtn data-v-9d3df26f="" id="social-btn" href="https://facebook.com" target="_blank" rel="noopener noreferrer" icon="true" variant="text">
        <vicon data-v-9d3df26f="" size="30px" class="vd-social-media-links-icon">mdi-facebook</vicon>
      </vbtn>
    </li>
  </ul>
</div>"
`;
