// Vitest Snapshot v1, https://vitest.dev/guide/snapshot.html

exports[`AmeliproCard > render correctly 1`] = `
<div
  class="
    amelipro-card
    d-flex
    flex-column
    flex-md-row
    w-100
  "
  id="my-card-id-container"
  style="background-color: #FFFFFF; border: 1px solid #DDDEDE;"
>
  <div
    class="amelipro-card__left-part"
    id="my-card-id-left-part"
    style="width: 100%;"
  >
    <div
      class="
        amelipro-card__header
        w-100
      "
      id="my-card-id-header"
    >
      <div
        class="
          align-sm-center
          amelipro-card__header-content
          d-flex
          flex-column
          flex-sm-row
          w-100
        "
        style="border-bottom-width: 1px; border-bottom-style: solid; border-bottom-color: #DDDEDE;"
      >
        <div
          class="amelipro-card__header-slot-wrapper--left"
          id="my-card-id-header-left-part"
          style="width: 100%;"
        >
          <p
            aria-level="2"
            class="
              amelipro-card__title
              mb-0
              text-h2
            "
            id="my-card-id-title"
            role="heading"
            style="color: #1A1B1B;"
          >
            Titre de ma carte
          </p>
        </div>
        <!-- v-if -->
      </div>
    </div>
    <div
      class="amelipro-card__content"
      id="my-card-id-content"
    >
      <p>
        Contenu de ma carte
      </p>
    </div>
  </div>
  <!-- v-if -->
</div>
`;
