// Vitest Snapshot v1, https://vitest.dev/guide/snapshot.html

exports[`CopyBtn > renders correctly 1`] = `
"<div data-v-ce8a81b3="" id="copy-btn" class="sy-copy-btn" label="test">
  <v-tooltip-stub data-v-ce8a81b3="" attach="false" closeonback="false" contained="false" disabled="false" noclickanimation="false" modelvalue="false" scrim="false" zindex="2000" activatorprops="[object Object]" openonclick="true" openonhover="false" closeoncontentclick="false" minwidth="0" eager="true" locationstrategy="connected" location="right" origin="auto" offset="10" scrollstrategy="reposition" transition="false"></v-tooltip-stub>
</div>"
`;
