// Vitest Snapshot v1, https://vitest.dev/guide/snapshot.html

exports[`AmeliproAccordionList > render correctly 1`] = `
<div
  class="amelipro-accordion-list"
  id="amelipro-accordion-result-unique-id-container"
>
  <div
    class="
      align-end
      amelipro-accordion-list__header
      d-flex
      justify-space-between
      mb-6
    "
    id="amelipro-accordion-result-unique-id-header"
  >
    <p
      class="
        d-inline-block
        font-weight-semibold
        mb-0
        total-counter
      "
      id="amelipro-accordion-result-unique-id-result-counter"
    >
      <span class="d-sr-only">
        Nombre de lignes dans la liste ci-après :
      </span>
      12 résultat(s)
    </p>
    <div class="
      align-center
      d-inline-flex
    ">
      <!-- v-if -->
      <div
        class="
          amelipro-accordion-list__pagination-select
          mb-0
          ml-2
          pt-0
        "
        id="amelipro-accordion-result-unique-id-pagination-select-container"
        style="
          margin-bottom: 12px;
          max-width: 170px;
        "
      >
        <div class="
          amelipro-select__wrapper
          d-flex
          flex-column
          w-100
        ">
          <div class="
            align-baseline
            d-inline-flex
            mb-1
          ">
            <label
              class="
                amelipro-select__label
                mr-2
              "
              for="amelipro-accordion-result-unique-id-pagination-select"
              id="amelipro-accordion-result-unique-id-pagination-select-label"
            >
              Nb lignes/page :
              <!-- v-if -->
            </label>
          </div>
          <div class="
            amelipro-select
            pt-0
            v-input
            v-input--center-affix
            v-input--density-compact
            v-input--dirty
            v-input--horizontal
            v-locale--is-ltr
            v-select
            v-select--selected
            v-select--single
            v-text-field
            v-theme--light
          ">
            <!---->
            <div class="v-input__control">
              <div
                class="
                  bg-ap-white
                  v-field
                  v-field--active
                  v-field--appended
                  v-field--center-affix
                  v-field--dirty
                  v-field--has-background
                  v-field--no-label
                  v-field--variant-outlined
                  v-locale--is-ltr
                  v-theme--light
                "
                role="combobox"
              >
                <div class="v-field__overlay"></div>
                <div class="v-field__loader">
                  <div
                    aria-hidden="true"
                    aria-valuemax="100"
                    aria-valuemin="0"
                    class="
                      v-locale--is-ltr
                      v-progress-linear
                      v-theme--light
                    "
                    role="progressbar"
                    style="
                      top: 0px;
                      height: 0px;
                      --v-progress-linear-height: 2px;
                    "
                  >
                    <!---->
                    <div
                      class="
                        bg-ap-blue-darken-1
                        v-progress-linear__background
                      "
                      style="opacity: NaN;"
                    ></div>
                    <div
                      class="
                        bg-ap-blue-darken-1
                        v-progress-linear__buffer
                      "
                      style="
                        opacity: NaN;
                        width: 0%;
                      "
                    ></div>
                    <transition-stub
                      appear="false"
                      css="true"
                      name="fade-transition"
                      persisted="false"
                    >
                      <div class="v-progress-linear__indeterminate">
                        <div class="
                          bg-ap-blue-darken-1
                          long
                          v-progress-linear__indeterminate
                        "></div>
                        <div class="
                          bg-ap-blue-darken-1
                          short
                          v-progress-linear__indeterminate
                        "></div>
                      </div>
                    </transition-stub>
                    <!---->
                  </div>
                </div>
                <!---->
                <div
                  class="v-field__field"
                  data-no-activator=""
                >
                  <!---->
                  <!---->
                  <!---->
                  <div
                    class="v-field__input"
                    data-no-activator=""
                  >
                    <!---->
                    <!---->
                    <div class="v-select__selection">
                      <span class="v-select__selection-text">
                        10
                        <!---->
                      </span>
                    </div>
                    <input
                      aria-controls="menu-v-0"
                      aria-expanded="false"
                      aria-label="Open"
                      id="amelipro-accordion-result-unique-id-pagination-select"
                      inputmode="none"
                      role="combobox"
                      size="1"
                      title="Open"
                      type="text"
                      value="10"
                    />
                  </div>
                  <!---->
                </div>
                <!---->
                <div class="v-field__append-inner">
                  <!---->
                  <i
                    aria-hidden="true"
                    class="
                      mdi
                      mdi-menu-down
                      notranslate
                      v-icon
                      v-icon--size-default
                      v-select__menu-icon
                      v-theme--light
                    "
                  ></i>
                  <!---->
                </div>
                <div class="v-field__outline">
                  <div class="v-field__outline__start"></div>
                  <!---->
                  <div class="v-field__outline__end"></div>
                  <!---->
                </div>
              </div>
            </div>
            <!---->
            <!---->
          </div>
        </div>
        <!-- v-if -->
      </div>
    </div>
  </div>
  <div>
    <ul
      aria-label="Exemple de liste de résultats"
      class="
        amelipro-accordion-list__list
        list-style-none
      "
      id="amelipro-accordion-result-unique-id-list"
    >
      <li class="amelipro-accordion-list__item">
        <div
          class="
            amelipro-accordion
            mb-4
            w-100
          "
          id="accordion-result-0-container"
          style="
            background-color: #FFFFFF;
            border: 1px solid #DDDEDE;
          "
        >
          <div
            class="
              align-center
              amelipro-accordion__header
              d-flex
              flex-column
              flex-sm-row
              w-100
            "
            id="accordion-result-0-header"
          >
            <div
              class="btn-wrapper"
              style="margin-right: 10px;"
            >
              <p
                aria-level="2"
                class="
                  font-weight-semibold
                  mb-0
                  text-h3
                "
                id="accordion-result-0title"
                role="heading"
              >
                <button
                  aria-controls="accordion-result-0"
                  aria-expanded="false"
                  class="
                    accordion-btn
                    align-center
                    d-inline-flex
                    font-weight-semibold
                    text-ap-grey-darken-1
                    text-left
                  "
                  id="accordion-result-0-header-btn-open-close"
                  type="button"
                >
                  <span
                    class="
                      accordion-icon
                      amelipro-icon
                      mr-2
                    "
                    id="accordion-result-0-icon"
                  >
                    <span
                      aria-hidden="true"
                      class="
                        amelipro-custom-icon
                        custom-color
                      "
                      focusable="false"
                      role="img"
                      style="
                        color: #0C419A;
                        height: 11px;
                        width: 11px;
                      "
                    >
                      <span>
                        <svg
                          aria-hidden="true"
                          style="enable-background:new 0 0 42 42;"
                          version="1.1"
                          viewBox="0 0 42 42"
                          x="0px"
                          xml:space="preserve"
                          xmlns="http://www.w3.org/2000/svg"
                          xmlns:xlink="http://www.w3.org/1999/xlink"
                          y="0px"
                        >
                          <polygon
                            class="shape-color"
                            points="21,39.2 42,2.8 0,2.8 "
                          />
                        </svg>
                      </span>
                    </span>
                  </span>
                  undefined
                </button>
              </p>
            </div>
            <div
              class="right-slot"
              style="
                width: calc(undefined - 10px);
                margin-left: 10px;
              "
            >
              <h3>
                Titre du dépliant
              </h3>
            </div>
          </div>
          <div
            aria-labelledby="accordion-result-0title"
            class="amelipro-accordion__wrapper"
            id="accordion-result-0"
            role="region"
            style="display: none;"
          >
            <div
              class="
                amelipro-accordion__content
                text-ap-grey-darken-1
                w-100
              "
              style="
                border-top-width: 1px;
                border-top-style: solid;
                border-top-color: #DDDEDE;
              "
            >
              <p>
                Contenu du dépliant
              </p>
            </div>
          </div>
        </div>
      </li>
      <li class="amelipro-accordion-list__item">
        <div
          class="
            amelipro-accordion
            mb-4
            w-100
          "
          id="accordion-result-1-container"
          style="
            background-color: #FFFFFF;
            border: 1px solid #DDDEDE;
          "
        >
          <div
            class="
              align-center
              amelipro-accordion__header
              d-flex
              flex-column
              flex-sm-row
              w-100
            "
            id="accordion-result-1-header"
          >
            <div
              class="btn-wrapper"
              style="margin-right: 10px;"
            >
              <p
                aria-level="2"
                class="
                  font-weight-semibold
                  mb-0
                  text-h3
                "
                id="accordion-result-1title"
                role="heading"
              >
                <button
                  aria-controls="accordion-result-1"
                  aria-expanded="false"
                  class="
                    accordion-btn
                    align-center
                    d-inline-flex
                    font-weight-semibold
                    text-ap-grey-darken-1
                    text-left
                  "
                  id="accordion-result-1-header-btn-open-close"
                  type="button"
                >
                  <span
                    class="
                      accordion-icon
                      amelipro-icon
                      mr-2
                    "
                    id="accordion-result-1-icon"
                  >
                    <span
                      aria-hidden="true"
                      class="
                        amelipro-custom-icon
                        custom-color
                      "
                      focusable="false"
                      role="img"
                      style="
                        color: #0C419A;
                        height: 11px;
                        width: 11px;
                      "
                    >
                      <span>
                        <svg
                          aria-hidden="true"
                          style="enable-background:new 0 0 42 42;"
                          version="1.1"
                          viewBox="0 0 42 42"
                          x="0px"
                          xml:space="preserve"
                          xmlns="http://www.w3.org/2000/svg"
                          xmlns:xlink="http://www.w3.org/1999/xlink"
                          y="0px"
                        >
                          <polygon
                            class="shape-color"
                            points="21,39.2 42,2.8 0,2.8 "
                          />
                        </svg>
                      </span>
                    </span>
                  </span>
                  undefined
                </button>
              </p>
            </div>
            <div
              class="right-slot"
              style="
                width: calc(undefined - 10px);
                margin-left: 10px;
              "
            >
              <h3>
                Titre du dépliant
              </h3>
            </div>
          </div>
          <div
            aria-labelledby="accordion-result-1title"
            class="amelipro-accordion__wrapper"
            id="accordion-result-1"
            role="region"
            style="display: none;"
          >
            <div
              class="
                amelipro-accordion__content
                text-ap-grey-darken-1
                w-100
              "
              style="
                border-top-width: 1px;
                border-top-style: solid;
                border-top-color: #DDDEDE;
              "
            >
              <p>
                Contenu du dépliant
              </p>
            </div>
          </div>
        </div>
      </li>
      <li class="amelipro-accordion-list__item">
        <div
          class="
            amelipro-accordion
            mb-4
            w-100
          "
          id="accordion-result-2-container"
          style="
            background-color: #FFFFFF;
            border: 1px solid #DDDEDE;
          "
        >
          <div
            class="
              align-center
              amelipro-accordion__header
              d-flex
              flex-column
              flex-sm-row
              w-100
            "
            id="accordion-result-2-header"
          >
            <div
              class="btn-wrapper"
              style="margin-right: 10px;"
            >
              <p
                aria-level="2"
                class="
                  font-weight-semibold
                  mb-0
                  text-h3
                "
                id="accordion-result-2title"
                role="heading"
              >
                <button
                  aria-controls="accordion-result-2"
                  aria-expanded="false"
                  class="
                    accordion-btn
                    align-center
                    d-inline-flex
                    font-weight-semibold
                    text-ap-grey-darken-1
                    text-left
                  "
                  id="accordion-result-2-header-btn-open-close"
                  type="button"
                >
                  <span
                    class="
                      accordion-icon
                      amelipro-icon
                      mr-2
                    "
                    id="accordion-result-2-icon"
                  >
                    <span
                      aria-hidden="true"
                      class="
                        amelipro-custom-icon
                        custom-color
                      "
                      focusable="false"
                      role="img"
                      style="
                        color: #0C419A;
                        height: 11px;
                        width: 11px;
                      "
                    >
                      <span>
                        <svg
                          aria-hidden="true"
                          style="enable-background:new 0 0 42 42;"
                          version="1.1"
                          viewBox="0 0 42 42"
                          x="0px"
                          xml:space="preserve"
                          xmlns="http://www.w3.org/2000/svg"
                          xmlns:xlink="http://www.w3.org/1999/xlink"
                          y="0px"
                        >
                          <polygon
                            class="shape-color"
                            points="21,39.2 42,2.8 0,2.8 "
                          />
                        </svg>
                      </span>
                    </span>
                  </span>
                  undefined
                </button>
              </p>
            </div>
            <div
              class="right-slot"
              style="
                width: calc(undefined - 10px);
                margin-left: 10px;
              "
            >
              <h3>
                Titre du dépliant
              </h3>
            </div>
          </div>
          <div
            aria-labelledby="accordion-result-2title"
            class="amelipro-accordion__wrapper"
            id="accordion-result-2"
            role="region"
            style="display: none;"
          >
            <div
              class="
                amelipro-accordion__content
                text-ap-grey-darken-1
                w-100
              "
              style="
                border-top-width: 1px;
                border-top-style: solid;
                border-top-color: #DDDEDE;
              "
            >
              <p>
                Contenu du dépliant
              </p>
            </div>
          </div>
        </div>
      </li>
      <li class="amelipro-accordion-list__item">
        <div
          class="
            amelipro-accordion
            mb-4
            w-100
          "
          id="accordion-result-3-container"
          style="
            background-color: #FFFFFF;
            border: 1px solid #DDDEDE;
          "
        >
          <div
            class="
              align-center
              amelipro-accordion__header
              d-flex
              flex-column
              flex-sm-row
              w-100
            "
            id="accordion-result-3-header"
          >
            <div
              class="btn-wrapper"
              style="margin-right: 10px;"
            >
              <p
                aria-level="2"
                class="
                  font-weight-semibold
                  mb-0
                  text-h3
                "
                id="accordion-result-3title"
                role="heading"
              >
                <button
                  aria-controls="accordion-result-3"
                  aria-expanded="false"
                  class="
                    accordion-btn
                    align-center
                    d-inline-flex
                    font-weight-semibold
                    text-ap-grey-darken-1
                    text-left
                  "
                  id="accordion-result-3-header-btn-open-close"
                  type="button"
                >
                  <span
                    class="
                      accordion-icon
                      amelipro-icon
                      mr-2
                    "
                    id="accordion-result-3-icon"
                  >
                    <span
                      aria-hidden="true"
                      class="
                        amelipro-custom-icon
                        custom-color
                      "
                      focusable="false"
                      role="img"
                      style="
                        color: #0C419A;
                        height: 11px;
                        width: 11px;
                      "
                    >
                      <span>
                        <svg
                          aria-hidden="true"
                          style="enable-background:new 0 0 42 42;"
                          version="1.1"
                          viewBox="0 0 42 42"
                          x="0px"
                          xml:space="preserve"
                          xmlns="http://www.w3.org/2000/svg"
                          xmlns:xlink="http://www.w3.org/1999/xlink"
                          y="0px"
                        >
                          <polygon
                            class="shape-color"
                            points="21,39.2 42,2.8 0,2.8 "
                          />
                        </svg>
                      </span>
                    </span>
                  </span>
                  undefined
                </button>
              </p>
            </div>
            <div
              class="right-slot"
              style="
                width: calc(undefined - 10px);
                margin-left: 10px;
              "
            >
              <h3>
                Titre du dépliant
              </h3>
            </div>
          </div>
          <div
            aria-labelledby="accordion-result-3title"
            class="amelipro-accordion__wrapper"
            id="accordion-result-3"
            role="region"
            style="display: none;"
          >
            <div
              class="
                amelipro-accordion__content
                text-ap-grey-darken-1
                w-100
              "
              style="
                border-top-width: 1px;
                border-top-style: solid;
                border-top-color: #DDDEDE;
              "
            >
              <p>
                Contenu du dépliant
              </p>
            </div>
          </div>
        </div>
      </li>
      <li class="amelipro-accordion-list__item">
        <div
          class="
            amelipro-accordion
            mb-4
            w-100
          "
          id="accordion-result-4-container"
          style="
            background-color: #FFFFFF;
            border: 1px solid #DDDEDE;
          "
        >
          <div
            class="
              align-center
              amelipro-accordion__header
              d-flex
              flex-column
              flex-sm-row
              w-100
            "
            id="accordion-result-4-header"
          >
            <div
              class="btn-wrapper"
              style="margin-right: 10px;"
            >
              <p
                aria-level="2"
                class="
                  font-weight-semibold
                  mb-0
                  text-h3
                "
                id="accordion-result-4title"
                role="heading"
              >
                <button
                  aria-controls="accordion-result-4"
                  aria-expanded="false"
                  class="
                    accordion-btn
                    align-center
                    d-inline-flex
                    font-weight-semibold
                    text-ap-grey-darken-1
                    text-left
                  "
                  id="accordion-result-4-header-btn-open-close"
                  type="button"
                >
                  <span
                    class="
                      accordion-icon
                      amelipro-icon
                      mr-2
                    "
                    id="accordion-result-4-icon"
                  >
                    <span
                      aria-hidden="true"
                      class="
                        amelipro-custom-icon
                        custom-color
                      "
                      focusable="false"
                      role="img"
                      style="
                        color: #0C419A;
                        height: 11px;
                        width: 11px;
                      "
                    >
                      <span>
                        <svg
                          aria-hidden="true"
                          style="enable-background:new 0 0 42 42;"
                          version="1.1"
                          viewBox="0 0 42 42"
                          x="0px"
                          xml:space="preserve"
                          xmlns="http://www.w3.org/2000/svg"
                          xmlns:xlink="http://www.w3.org/1999/xlink"
                          y="0px"
                        >
                          <polygon
                            class="shape-color"
                            points="21,39.2 42,2.8 0,2.8 "
                          />
                        </svg>
                      </span>
                    </span>
                  </span>
                  undefined
                </button>
              </p>
            </div>
            <div
              class="right-slot"
              style="
                width: calc(undefined - 10px);
                margin-left: 10px;
              "
            >
              <h3>
                Titre du dépliant
              </h3>
            </div>
          </div>
          <div
            aria-labelledby="accordion-result-4title"
            class="amelipro-accordion__wrapper"
            id="accordion-result-4"
            role="region"
            style="display: none;"
          >
            <div
              class="
                amelipro-accordion__content
                text-ap-grey-darken-1
                w-100
              "
              style="
                border-top-width: 1px;
                border-top-style: solid;
                border-top-color: #DDDEDE;
              "
            >
              <p>
                Contenu du dépliant
              </p>
            </div>
          </div>
        </div>
      </li>
      <li class="amelipro-accordion-list__item">
        <div
          class="
            amelipro-accordion
            mb-4
            w-100
          "
          id="accordion-result-5-container"
          style="
            background-color: #FFFFFF;
            border: 1px solid #DDDEDE;
          "
        >
          <div
            class="
              align-center
              amelipro-accordion__header
              d-flex
              flex-column
              flex-sm-row
              w-100
            "
            id="accordion-result-5-header"
          >
            <div
              class="btn-wrapper"
              style="margin-right: 10px;"
            >
              <p
                aria-level="2"
                class="
                  font-weight-semibold
                  mb-0
                  text-h3
                "
                id="accordion-result-5title"
                role="heading"
              >
                <button
                  aria-controls="accordion-result-5"
                  aria-expanded="false"
                  class="
                    accordion-btn
                    align-center
                    d-inline-flex
                    font-weight-semibold
                    text-ap-grey-darken-1
                    text-left
                  "
                  id="accordion-result-5-header-btn-open-close"
                  type="button"
                >
                  <span
                    class="
                      accordion-icon
                      amelipro-icon
                      mr-2
                    "
                    id="accordion-result-5-icon"
                  >
                    <span
                      aria-hidden="true"
                      class="
                        amelipro-custom-icon
                        custom-color
                      "
                      focusable="false"
                      role="img"
                      style="
                        color: #0C419A;
                        height: 11px;
                        width: 11px;
                      "
                    >
                      <span>
                        <svg
                          aria-hidden="true"
                          style="enable-background:new 0 0 42 42;"
                          version="1.1"
                          viewBox="0 0 42 42"
                          x="0px"
                          xml:space="preserve"
                          xmlns="http://www.w3.org/2000/svg"
                          xmlns:xlink="http://www.w3.org/1999/xlink"
                          y="0px"
                        >
                          <polygon
                            class="shape-color"
                            points="21,39.2 42,2.8 0,2.8 "
                          />
                        </svg>
                      </span>
                    </span>
                  </span>
                  undefined
                </button>
              </p>
            </div>
            <div
              class="right-slot"
              style="
                width: calc(undefined - 10px);
                margin-left: 10px;
              "
            >
              <h3>
                Titre du dépliant
              </h3>
            </div>
          </div>
          <div
            aria-labelledby="accordion-result-5title"
            class="amelipro-accordion__wrapper"
            id="accordion-result-5"
            role="region"
            style="display: none;"
          >
            <div
              class="
                amelipro-accordion__content
                text-ap-grey-darken-1
                w-100
              "
              style="
                border-top-width: 1px;
                border-top-style: solid;
                border-top-color: #DDDEDE;
              "
            >
              <p>
                Contenu du dépliant
              </p>
            </div>
          </div>
        </div>
      </li>
      <li class="amelipro-accordion-list__item">
        <div
          class="
            amelipro-accordion
            mb-4
            w-100
          "
          id="accordion-result-6-container"
          style="
            background-color: #FFFFFF;
            border: 1px solid #DDDEDE;
          "
        >
          <div
            class="
              align-center
              amelipro-accordion__header
              d-flex
              flex-column
              flex-sm-row
              w-100
            "
            id="accordion-result-6-header"
          >
            <div
              class="btn-wrapper"
              style="margin-right: 10px;"
            >
              <p
                aria-level="2"
                class="
                  font-weight-semibold
                  mb-0
                  text-h3
                "
                id="accordion-result-6title"
                role="heading"
              >
                <button
                  aria-controls="accordion-result-6"
                  aria-expanded="false"
                  class="
                    accordion-btn
                    align-center
                    d-inline-flex
                    font-weight-semibold
                    text-ap-grey-darken-1
                    text-left
                  "
                  id="accordion-result-6-header-btn-open-close"
                  type="button"
                >
                  <span
                    class="
                      accordion-icon
                      amelipro-icon
                      mr-2
                    "
                    id="accordion-result-6-icon"
                  >
                    <span
                      aria-hidden="true"
                      class="
                        amelipro-custom-icon
                        custom-color
                      "
                      focusable="false"
                      role="img"
                      style="
                        color: #0C419A;
                        height: 11px;
                        width: 11px;
                      "
                    >
                      <span>
                        <svg
                          aria-hidden="true"
                          style="enable-background:new 0 0 42 42;"
                          version="1.1"
                          viewBox="0 0 42 42"
                          x="0px"
                          xml:space="preserve"
                          xmlns="http://www.w3.org/2000/svg"
                          xmlns:xlink="http://www.w3.org/1999/xlink"
                          y="0px"
                        >
                          <polygon
                            class="shape-color"
                            points="21,39.2 42,2.8 0,2.8 "
                          />
                        </svg>
                      </span>
                    </span>
                  </span>
                  undefined
                </button>
              </p>
            </div>
            <div
              class="right-slot"
              style="
                width: calc(undefined - 10px);
                margin-left: 10px;
              "
            >
              <h3>
                Titre du dépliant
              </h3>
            </div>
          </div>
          <div
            aria-labelledby="accordion-result-6title"
            class="amelipro-accordion__wrapper"
            id="accordion-result-6"
            role="region"
            style="display: none;"
          >
            <div
              class="
                amelipro-accordion__content
                text-ap-grey-darken-1
                w-100
              "
              style="
                border-top-width: 1px;
                border-top-style: solid;
                border-top-color: #DDDEDE;
              "
            >
              <p>
                Contenu du dépliant
              </p>
            </div>
          </div>
        </div>
      </li>
      <li class="amelipro-accordion-list__item">
        <div
          class="
            amelipro-accordion
            mb-4
            w-100
          "
          id="accordion-result-7-container"
          style="
            background-color: #FFFFFF;
            border: 1px solid #DDDEDE;
          "
        >
          <div
            class="
              align-center
              amelipro-accordion__header
              d-flex
              flex-column
              flex-sm-row
              w-100
            "
            id="accordion-result-7-header"
          >
            <div
              class="btn-wrapper"
              style="margin-right: 10px;"
            >
              <p
                aria-level="2"
                class="
                  font-weight-semibold
                  mb-0
                  text-h3
                "
                id="accordion-result-7title"
                role="heading"
              >
                <button
                  aria-controls="accordion-result-7"
                  aria-expanded="false"
                  class="
                    accordion-btn
                    align-center
                    d-inline-flex
                    font-weight-semibold
                    text-ap-grey-darken-1
                    text-left
                  "
                  id="accordion-result-7-header-btn-open-close"
                  type="button"
                >
                  <span
                    class="
                      accordion-icon
                      amelipro-icon
                      mr-2
                    "
                    id="accordion-result-7-icon"
                  >
                    <span
                      aria-hidden="true"
                      class="
                        amelipro-custom-icon
                        custom-color
                      "
                      focusable="false"
                      role="img"
                      style="
                        color: #0C419A;
                        height: 11px;
                        width: 11px;
                      "
                    >
                      <span>
                        <svg
                          aria-hidden="true"
                          style="enable-background:new 0 0 42 42;"
                          version="1.1"
                          viewBox="0 0 42 42"
                          x="0px"
                          xml:space="preserve"
                          xmlns="http://www.w3.org/2000/svg"
                          xmlns:xlink="http://www.w3.org/1999/xlink"
                          y="0px"
                        >
                          <polygon
                            class="shape-color"
                            points="21,39.2 42,2.8 0,2.8 "
                          />
                        </svg>
                      </span>
                    </span>
                  </span>
                  undefined
                </button>
              </p>
            </div>
            <div
              class="right-slot"
              style="
                width: calc(undefined - 10px);
                margin-left: 10px;
              "
            >
              <h3>
                Titre du dépliant
              </h3>
            </div>
          </div>
          <div
            aria-labelledby="accordion-result-7title"
            class="amelipro-accordion__wrapper"
            id="accordion-result-7"
            role="region"
            style="display: none;"
          >
            <div
              class="
                amelipro-accordion__content
                text-ap-grey-darken-1
                w-100
              "
              style="
                border-top-width: 1px;
                border-top-style: solid;
                border-top-color: #DDDEDE;
              "
            >
              <p>
                Contenu du dépliant
              </p>
            </div>
          </div>
        </div>
      </li>
      <li class="amelipro-accordion-list__item">
        <div
          class="
            amelipro-accordion
            mb-4
            w-100
          "
          id="accordion-result-8-container"
          style="
            background-color: #FFFFFF;
            border: 1px solid #DDDEDE;
          "
        >
          <div
            class="
              align-center
              amelipro-accordion__header
              d-flex
              flex-column
              flex-sm-row
              w-100
            "
            id="accordion-result-8-header"
          >
            <div
              class="btn-wrapper"
              style="margin-right: 10px;"
            >
              <p
                aria-level="2"
                class="
                  font-weight-semibold
                  mb-0
                  text-h3
                "
                id="accordion-result-8title"
                role="heading"
              >
                <button
                  aria-controls="accordion-result-8"
                  aria-expanded="false"
                  class="
                    accordion-btn
                    align-center
                    d-inline-flex
                    font-weight-semibold
                    text-ap-grey-darken-1
                    text-left
                  "
                  id="accordion-result-8-header-btn-open-close"
                  type="button"
                >
                  <span
                    class="
                      accordion-icon
                      amelipro-icon
                      mr-2
                    "
                    id="accordion-result-8-icon"
                  >
                    <span
                      aria-hidden="true"
                      class="
                        amelipro-custom-icon
                        custom-color
                      "
                      focusable="false"
                      role="img"
                      style="
                        color: #0C419A;
                        height: 11px;
                        width: 11px;
                      "
                    >
                      <span>
                        <svg
                          aria-hidden="true"
                          style="enable-background:new 0 0 42 42;"
                          version="1.1"
                          viewBox="0 0 42 42"
                          x="0px"
                          xml:space="preserve"
                          xmlns="http://www.w3.org/2000/svg"
                          xmlns:xlink="http://www.w3.org/1999/xlink"
                          y="0px"
                        >
                          <polygon
                            class="shape-color"
                            points="21,39.2 42,2.8 0,2.8 "
                          />
                        </svg>
                      </span>
                    </span>
                  </span>
                  undefined
                </button>
              </p>
            </div>
            <div
              class="right-slot"
              style="
                width: calc(undefined - 10px);
                margin-left: 10px;
              "
            >
              <h3>
                Titre du dépliant
              </h3>
            </div>
          </div>
          <div
            aria-labelledby="accordion-result-8title"
            class="amelipro-accordion__wrapper"
            id="accordion-result-8"
            role="region"
            style="display: none;"
          >
            <div
              class="
                amelipro-accordion__content
                text-ap-grey-darken-1
                w-100
              "
              style="
                border-top-width: 1px;
                border-top-style: solid;
                border-top-color: #DDDEDE;
              "
            >
              <p>
                Contenu du dépliant
              </p>
            </div>
          </div>
        </div>
      </li>
      <li class="amelipro-accordion-list__item">
        <div
          class="
            amelipro-accordion
            mb-4
            w-100
          "
          id="accordion-result-9-container"
          style="
            background-color: #FFFFFF;
            border: 1px solid #DDDEDE;
          "
        >
          <div
            class="
              align-center
              amelipro-accordion__header
              d-flex
              flex-column
              flex-sm-row
              w-100
            "
            id="accordion-result-9-header"
          >
            <div
              class="btn-wrapper"
              style="margin-right: 10px;"
            >
              <p
                aria-level="2"
                class="
                  font-weight-semibold
                  mb-0
                  text-h3
                "
                id="accordion-result-9title"
                role="heading"
              >
                <button
                  aria-controls="accordion-result-9"
                  aria-expanded="false"
                  class="
                    accordion-btn
                    align-center
                    d-inline-flex
                    font-weight-semibold
                    text-ap-grey-darken-1
                    text-left
                  "
                  id="accordion-result-9-header-btn-open-close"
                  type="button"
                >
                  <span
                    class="
                      accordion-icon
                      amelipro-icon
                      mr-2
                    "
                    id="accordion-result-9-icon"
                  >
                    <span
                      aria-hidden="true"
                      class="
                        amelipro-custom-icon
                        custom-color
                      "
                      focusable="false"
                      role="img"
                      style="
                        color: #0C419A;
                        height: 11px;
                        width: 11px;
                      "
                    >
                      <span>
                        <svg
                          aria-hidden="true"
                          style="enable-background:new 0 0 42 42;"
                          version="1.1"
                          viewBox="0 0 42 42"
                          x="0px"
                          xml:space="preserve"
                          xmlns="http://www.w3.org/2000/svg"
                          xmlns:xlink="http://www.w3.org/1999/xlink"
                          y="0px"
                        >
                          <polygon
                            class="shape-color"
                            points="21,39.2 42,2.8 0,2.8 "
                          />
                        </svg>
                      </span>
                    </span>
                  </span>
                  undefined
                </button>
              </p>
            </div>
            <div
              class="right-slot"
              style="
                width: calc(undefined - 10px);
                margin-left: 10px;
              "
            >
              <h3>
                Titre du dépliant
              </h3>
            </div>
          </div>
          <div
            aria-labelledby="accordion-result-9title"
            class="amelipro-accordion__wrapper"
            id="accordion-result-9"
            role="region"
            style="display: none;"
          >
            <div
              class="
                amelipro-accordion__content
                text-ap-grey-darken-1
                w-100
              "
              style="
                border-top-width: 1px;
                border-top-style: solid;
                border-top-color: #DDDEDE;
              "
            >
              <p>
                Contenu du dépliant
              </p>
            </div>
          </div>
        </div>
      </li>
    </ul>
  </div>
  <nav
    aria-label="pagination"
    class="
      align-center
      amelipro-pagination
      d-flex
      justify-center
      mt-2
    "
    id="amelipro-accordion-result-unique-id-pagination-container"
  >
    <ol
      class="
        amelipro-pagination__list
        d-flex
        list-style-none
      "
      id="amelipro-accordion-result-unique-id-pagination-list"
    >
      <li class="amelipro-pagination__item">
        <button
          aria-current="page"
          class="
            amelipro-btn
            amelipro-btn--style
            amelipro-pagination__btn
            bg-ap-blue-darken-1
            elevation-0
            v-btn
            v-btn--density-default
            v-btn--flat
            v-btn--size-default
            v-btn--variant-flat
            v-theme--light
          "
          id="amelipro-accordion-result-unique-id-pagination-first"
          style="
            height: auto;
            min-height: 2.5rem;
            color: #FFFFFF !important;
          "
          title="page active"
          type="button"
        >
          <span class="v-btn__overlay"></span>
          <span class="v-btn__underlay"></span>
          <!---->
          <span
            class="v-btn__content"
            data-no-activator=""
          >
            <span class="
              align-center
              amelipro-custom-btn
              d-flex
              flex-row
            ">
              1
              <!-- v-if -->
              <!-- v-if -->
            </span>
          </span>
          <!---->
          <!---->
        </button>
      </li>
      <!-- v-if -->
      <!-- v-if -->
      <li class="amelipro-pagination__item">
        <button
          class="
            amelipro-btn
            amelipro-btn--style
            amelipro-pagination__btn
            bg-ap-white
            elevation-0
            v-btn
            v-btn--density-default
            v-btn--flat
            v-btn--size-default
            v-btn--variant-flat
            v-theme--light
          "
          id="amelipro-accordion-result-unique-id-pagination-last"
          style="
            height: auto;
            min-height: 2.5rem;
            color: #00749C !important;
          "
          type="button"
        >
          <span class="v-btn__overlay"></span>
          <span class="v-btn__underlay"></span>
          <!---->
          <span
            class="v-btn__content"
            data-no-activator=""
          >
            <span class="
              align-center
              amelipro-custom-btn
              d-flex
              flex-row
            ">
              2
              <!-- v-if -->
              <!-- v-if -->
            </span>
          </span>
          <!---->
          <!---->
        </button>
      </li>
    </ol>
  </nav>
</div>
`;
