// Vitest Snapshot v1, https://vitest.dev/guide/snapshot.html

exports[`RatingPicker > renders correctly 1`] = `
<div class="sy-rating-picker">
  <fieldset class="sy-number-picker">
    <legend class="d-sr-only"></legend>
    <legend class="
      mb-6
      text-h6
    "></legend>
    <div class="d-inline-block">
      <div
        class="
          d-flex
          flex-wrap
          ga-2
          max-width-none
        "
        role="radiogroup"
      >
        <div
          aria-checked="false"
          aria-disabled="false"
          aria-label="Note de 1 sur 10."
          class="
            pa-0
            sy-number-picker__item
            text-body-2
          "
          role="radio"
          tabindex="0"
        >
          1
        </div>
        <div
          aria-checked="false"
          aria-disabled="false"
          aria-label="Note de 2 sur 10."
          class="
            pa-0
            sy-number-picker__item
            text-body-2
          "
          role="radio"
          tabindex="-1"
        >
          2
        </div>
        <div
          aria-checked="false"
          aria-disabled="false"
          aria-label="Note de 3 sur 10."
          class="
            pa-0
            sy-number-picker__item
            text-body-2
          "
          role="radio"
          tabindex="-1"
        >
          3
        </div>
        <div
          aria-checked="false"
          aria-disabled="false"
          aria-label="Note de 4 sur 10."
          class="
            pa-0
            sy-number-picker__item
            text-body-2
          "
          role="radio"
          tabindex="-1"
        >
          4
        </div>
        <div
          aria-checked="false"
          aria-disabled="false"
          aria-label="Note de 5 sur 10."
          class="
            pa-0
            sy-number-picker__item
            text-body-2
          "
          role="radio"
          tabindex="-1"
        >
          5
        </div>
        <div
          aria-checked="false"
          aria-disabled="false"
          aria-label="Note de 6 sur 10."
          class="
            pa-0
            sy-number-picker__item
            text-body-2
          "
          role="radio"
          tabindex="-1"
        >
          6
        </div>
        <div
          aria-checked="false"
          aria-disabled="false"
          aria-label="Note de 7 sur 10."
          class="
            pa-0
            sy-number-picker__item
            text-body-2
          "
          role="radio"
          tabindex="-1"
        >
          7
        </div>
        <div
          aria-checked="false"
          aria-disabled="false"
          aria-label="Note de 8 sur 10."
          class="
            pa-0
            sy-number-picker__item
            text-body-2
          "
          role="radio"
          tabindex="-1"
        >
          8
        </div>
        <div
          aria-checked="false"
          aria-disabled="false"
          aria-label="Note de 9 sur 10."
          class="
            pa-0
            sy-number-picker__item
            text-body-2
          "
          role="radio"
          tabindex="-1"
        >
          9
        </div>
        <div
          aria-checked="false"
          aria-disabled="false"
          aria-label="Note de 10 sur 10."
          class="
            pa-0
            sy-number-picker__item
            text-body-2
          "
          role="radio"
          tabindex="-1"
        >
          10
        </div>
      </div>
      <!-- v-if -->
    </div>
  </fieldset>
  <!-- v-if -->
</div>
`;
