// Vitest Snapshot v1, https://vitest.dev/guide/snapshot.html

exports[`HeaderBar > should render the component 1`] = `
<header
  class="header"
  role="banner"
  style="min-height: auto;"
>
  <div
    class="sticky-header"
    style="
      position: relative;
      width: 100%;
      top: auto;
      transform: none;
      transition: none;
    "
  >
    <!-- v-if -->
    <div class="global-container">
      <div class="inner-header">
        <div class="header-logo">
          <a
            class="logo"
            href="/"
          >
            <picture class="logo-picture">
              <source
            media="(min-width: 990px)"
            srcset="/src/assets/logos/logo-desktop.svg"
            type="image/svg+xml"
          /><img
            alt="Sécurité sociale, l'Assurance Maladie : Agir ensemble, protéger chacun. Retour à l'accueil."
            class="logo-image"
            height="64"
            src="/src/assets/logos/logo-mobile.svg"
            width="211"
          />
            </picture>
            
          <!-- v-if -->
            
          <!-- v-if -->
          </a>
        </div>
        <!-- v-if -->
      </div>
    </div>
    <!-- v-if -->
  </div>
</header>
`;
