// Vitest Snapshot v1, https://vitest.dev/guide/snapshot.html

exports[`TestComponent > render correctly 1`] = `
"<div>default value</div>
<button type="button" class="v-btn v-btn--elevated v-theme--light v-btn--density-default v-btn--size-default v-btn--variant-elevated"><span class="v-btn__overlay"></span><span class="v-btn__underlay"></span>
  <!----><span class="v-btn__content" data-no-activator=""> click me </span>
  <!---->
  <!---->
</button>
<div> Result : 7</div>
<div></div>"
`;
