// Vitest Snapshot v1, https://vitest.dev/guide/snapshot.html

exports[`AmeliproTable > Snapshots > renders the component with all properties filled in 1`] = `
<div
  class="amelipro-table"
  id="modified-amelipro-table-id-container"
>
  <!-- v-if -->
  <div
    id="modified-amelipro-table-id-desktop"
    style="overflow-x: auto;"
  >
    <div
      class="amelipro-table__wrapper--desktop"
      style="
        max-width: 80%;
        width: 90%;
        min-width: 60%;
      "
    >
      <table
        aria-label="Modified Titre du tableau"
        class="
          amelipro-table__table--desktop
          vertical-border
        "
        id="modified-amelipro-table-id-table"
      >
        <thead>
          <tr id="modified-amelipro-table-id-table-header">
            <th
              class="
                bg-ap-grey-lighten-4
                font-weight-semibold
              "
              id="modified-amelipro-table-id-table-header-cell-0"
              scope="col"
              style="
                min-width: 10%;
                width: 30%;
                max-width: 30%;
                text-align: right;
              "
            >
              <p class="
                d-flex
                mb-0
              ">
                Modified Nom
                <amelipro-icon-btn-stub
                  badge="false"
                  bordered="false"
                  btnlabel="modified tri asc"
                  btntitle="modified tri asc"
                  class="
                    ml-2
                    sort-btn
                  "
                  disabled="true"
                  icon="triangleUp"
                  iconbgcolor="transparent"
                  iconcolor="ap-grey-lighten-2"
                  iconhoverbgcolor="transparent"
                  iconhovercolor="ap-grey-lighten-2"
                  large="false"
                  medium="false"
                  size="9px"
                  small="false"
                  uniqueid="modified-amelipro-table-id-table-header-cell-0-asc-sort-btn"
                  xlarge="false"
                ></amelipro-icon-btn-stub>
                <amelipro-icon-btn-stub
                  badge="false"
                  bordered="false"
                  btnlabel="modified tri desc"
                  btntitle="modified tri desc"
                  class="sort-btn"
                  disabled="false"
                  icon="triangleDown"
                  iconbgcolor="transparent"
                  iconcolor="ap-grey-darken-1"
                  iconhoverbgcolor="transparent"
                  iconhovercolor="ap-grey-darken-1"
                  large="false"
                  medium="false"
                  size="9px"
                  small="false"
                  uniqueid="modified-amelipro-table-id-table-header-cell-0-desc-sort-btn"
                  xlarge="false"
                ></amelipro-icon-btn-stub>
              </p>
            </th>
            <th
              class="
                bg-ap-grey-lighten-4
                font-weight-semibold
              "
              id="modified-amelipro-table-id-table-header-cell-1"
              scope="col"
              style="
                min-width: 10%;
                width: 30%;
                max-width: 30%;
                text-align: right;
              "
            >
              <p class="mb-0">
                Modified Prénom
                <!-- v-if -->
                <!-- v-if -->
              </p>
            </th>
            <th
              class="
                bg-ap-grey-lighten-4
                font-weight-semibold
              "
              id="modified-amelipro-table-id-table-header-cell-2"
              scope="col"
              style="
                min-width: 10%;
                width: 30%;
                max-width: 30%;
                text-align: right;
              "
            >
              <p class="mb-0">
                Modified E-mail
                <!-- v-if -->
                <!-- v-if -->
              </p>
            </th>
          </tr>
        </thead>
        <tbody>
          <tr id="modified-amelipro-table-id-table-row-0">
            <td
              class=""
              id="modified-amelipro-table-id-table-row-0-cell-0"
              style="text-align: right;"
            >
              <p class="mb-0">
                Modified Bernard
              </p>
            </td>
            <td
              class=""
              id="modified-amelipro-table-id-table-row-0-cell-1"
              style="text-align: right;"
            >
              <p class="mb-0">
                Modified Jean
              </p>
            </td>
            <td
              class=""
              id="modified-amelipro-table-id-table-row-0-cell-2"
              style="text-align: right;"
            >
              <p class="mb-0">
                modified.jean.bernard@gmail.com
              </p>
            </td>
          </tr>
          <tr id="modified-amelipro-table-id-table-row-1">
            <td
              class=""
              id="modified-amelipro-table-id-table-row-1-cell-0"
              style="text-align: right;"
            >
              <p class="mb-0">
                Modified Pierre
              </p>
            </td>
            <td
              class=""
              id="modified-amelipro-table-id-table-row-1-cell-1"
              style="text-align: right;"
            >
              <p class="mb-0">
                Modified Simon
              </p>
            </td>
            <td
              class=""
              id="modified-amelipro-table-id-table-row-1-cell-2"
              style="text-align: right;"
            >
              <p class="mb-0">
                modified.simon.pierre@gmail.com
              </p>
            </td>
          </tr>
        </tbody>
      </table>
    </div>
  </div>
  <!-- v-if -->
  <!-- v-if -->
</div>
`;

exports[`AmeliproTable > Snapshots > renders the component with only required properties filled in 1`] = `
<div
  class="amelipro-table"
  id="required-amelipro-table-id-container"
>
  <div
    class="
      align-end
      amelipro-table__infos
      d-flex
      justify-space-between
      mb-4
    "
    id="required-amelipro-table-id-info-wrapper"
  >
    <p
      class="
        d-inline-block
        font-weight-semibold
        mb-0
        total-counter
      "
      id="required-amelipro-table-id-total-counter"
    >
      <span class="d-sr-only">
        Nombre de lignes dans le tableau ci-après :
      </span>
      0 item(s)
    </p>
    <div
      class="
        align-center
        amelipro-table__selects
        d-inline-flex
      "
      id="required-amelipro-table-id-select-wrapper"
    >
      <!-- v-if -->
      <amelipro-select-stub
        classes="ml-2 mb-0 pt-0 amelipro-table__pagination-select"
        global-max-width="170px"
        modelvalue="10"
        uniqueid="required-amelipro-table-id-pagination-select"
      >
        <!---->
      </amelipro-select-stub>
    </div>
  </div>
  <div
    id="required-amelipro-table-id-desktop"
    style="overflow-x: auto;"
  >
    <div
      class="amelipro-table__wrapper--desktop"
      style="
        max-width: 100%;
        width: 100%;
      "
    >
      <table
        aria-label="Required Titre du tableau"
        class="amelipro-table__table--desktop"
        id="required-amelipro-table-id-table"
      >
        <thead>
          <tr id="required-amelipro-table-id-table-header"></tr>
        </thead>
        <tbody></tbody>
      </table>
    </div>
  </div>
  <!-- v-if -->
  <!-- v-if -->
</div>
`;
