// Vitest Snapshot v1, https://vitest.dev/guide/snapshot.html

exports[`AmeliproTileBtn > render correctly 1`] = `
<button
  class="
    amelipro-tile-btn
    elevation-1
    text-none
    v-btn
    v-btn--density-default
    v-btn--elevated
    v-btn--size-default
    v-btn--variant-elevated
    v-theme--light
  "
  id="my-tile-btn-id"
  style="
    height: auto;
    width: 100%;
    background-color: #FFFFFF;
    border: 2px solid #FFFFFF !important;
    color: #1A1B1B;
    padding: 2rem 1.5rem;
  "
  type="button"
>
  <span class="v-btn__overlay"></span>
  <span class="v-btn__underlay"></span>
  <!---->
  <span
    class="v-btn__content"
    data-no-activator=""
  >
    <!-- v-if -->
    <span
      class="
        amelipro-tile-btn__content
        d-block
        font-weight-bold
        text-center
        text-h5
      "
      id="my-tile-btn-id-text"
    >
      texte du bouton
      <!-- v-if -->
      <!-- v-if -->
      <!-- v-if -->
    </span>
    <img
      alt=""
      class="
        amelipro-tile-btn__img
        mt-4
      "
      id="my-tile-btn-id-img"
      src="img-src"
      style="width: 100px;"
    />
    <!-- v-if -->
  </span>
  <!---->
  <!---->
</button>
`;
