// Vitest Snapshot v1, https://vitest.dev/guide/snapshot.html

exports[`BackBtn > render correctly 1`] = `
<button
  class="
    pr-1
    px-0
    text-none
    text-primary
    v-btn
    v-btn--density-default
    v-btn--size-default
    v-btn--variant-text
    v-theme--light
    vd-back-btn
  "
  outlined="false"
  type="button"
>
  <span class="v-btn__overlay"></span>
  <span class="v-btn__underlay"></span>
  <!---->
  <span
    class="v-btn__content"
    data-no-activator=""
  >
    <i
      aria-hidden="true"
      class="
        M20,11V13H8L13.5,18.5L12.08,19.92L4.16,12L12.08,4.08L13.5,5.5L8,11H20Z
        mdi
        mr-1
        notranslate
        text-primary
        v-icon
        v-icon--size-default
        v-theme--light
      "
    ></i>
    Retour
  </span>
  <!---->
  <!---->
</button>
`;
