// Vitest Snapshot v1, https://vitest.dev/guide/snapshot.html

exports[`PageContainer > render correctly 1`] = `
<div class="
  d-flex
  justify-center
  px-14
  py-10
  vd-page-container
">
  <div
    class="
      bg-transparent
      v-sheet
      v-theme--light
    "
    style="width: 800px;"
  ></div>
</div>
`;
