// Vitest Snapshot v1, https://vitest.dev/guide/snapshot.html

exports[`PageContainer > render correctly 1`] = `
"<div data-v-fb0b02fd="" class="py-10 undefined vd-page-container d-flex justify-center">
  <div data-v-fb0b02fd="" class="v-sheet v-theme--light bg-transparent" style="width: 1440px;"></div>
</div>"
`;
