// Vitest Snapshot v1, https://vitest.dev/guide/snapshot.html

exports[`StructureTabs > render correctly 1`] = `
<div id="my-tabs-id-container">
  <div
    arialabelledby="my-tabs-id-label"
    class="
      align-sm-center
      align-start
      d-flex
      flex-column
      flex-sm-row
    "
    role="tablist"
  >
    <p
      class="
        font-weight-bold
        ma-0
        mr-3
      "
      id="my-tabs-id-label"
    >
      Je me connecte sur :
    </p>
    <div class="
      d-flex
      flex-column
      flex-sm-row
      flex-sm-wrap
    ">
      <button
        aria-controls="structure-panel-0"
        aria-selected="true"
        class="
          bg-ap-blue-darken-2
          elevation-0
          mb-2
          mb-sm-1
          mr-0
          mr-sm-3
          structure-btn
          v-btn
          v-btn--density-default
          v-btn--elevated
          v-btn--size-default
          v-btn--variant-elevated
          v-theme--light
        "
        id="my-tabs-id-tab-btn-0"
        role="tab"
        style="color: #FFFFFF;"
        tabindex="0"
        type="button"
      >
        <span class="v-btn__overlay"></span>
        <span class="v-btn__underlay"></span>
        <!---->
        <span
          class="v-btn__content"
          data-no-activator=""
        >
          onlget 1
        </span>
        <!---->
        <!---->
      </button>
      <button
        aria-controls="structure-panel-1"
        aria-selected="false"
        class="
          bg-ap-grey-lighten-3
          elevation-0
          mb-2
          mb-sm-1
          mr-0
          mr-sm-3
          structure-btn
          v-btn
          v-btn--density-default
          v-btn--elevated
          v-btn--size-default
          v-btn--variant-elevated
          v-theme--light
        "
        id="my-tabs-id-tab-btn-1"
        role="tab"
        style="color: #1A1B1B;"
        tabindex="-1"
        type="button"
      >
        <span class="v-btn__overlay"></span>
        <span class="v-btn__underlay"></span>
        <!---->
        <span
          class="v-btn__content"
          data-no-activator=""
        >
          onlget 2
        </span>
        <!---->
        <!---->
      </button>
    </div>
  </div>
  <div
    class="mt-3"
    id="structure-panel-0"
    role="tabpanel"
    tabindex="0"
  >
    <!-- v-if -->
    <div
      class="structure-list"
      id="structures-0-container"
      max-items-loaded-default="5"
    >
      <div class="
        v-input
        v-input--center-affix
        v-input--density-default
        v-input--horizontal
        v-locale--is-ltr
        v-radio-group
        v-theme--light
        w-100
      ">
        <!---->
        <div class="v-input__control">
          <label
            class="v-label"
            id="structures-0-radio-group"
          >
            <!---->
            liste-structures-1
          </label>
          <div
            aria-labelledby="structures-0-radio-group"
            class="v-selection-control-group"
            column=""
            label="liste-structures-1"
            role="radiogroup"
          >
            <label
              class="
                mb-4
                pointer
                structure-item
                w-100
              "
              for="structures-0-item-0"
              id="structures-0-item-0-label"
            >
              <input
                id="structures-0-item-0"
                name="structures-0"
                type="radio"
                value="valeur 1"
              />
              <span class="
                bg-ap-grey-lighten-4
                d-flex
                flex-column
                hover-style
                px-2
                px-sm-4
                py-2
                rounded
                w-100
              ">
                <!-- v-if -->
                <span class="
                  align-md-center
                  d-flex
                ">
                  <span
                    class="
                      amelipro-icon
                      mr-4
                    "
                    id="structures-0-item-0-icon"
                  >
                    <span
                      aria-hidden="true"
                      class="
                        amelipro-custom-icon
                        custom-color
                        x-large
                      "
                      focusable="false"
                      role="img"
                      style="
                        color: #01B9F5;
                        border-radius: 50%;
                        border: 1px solid #01B9F5;
                      "
                    >
                      <span>
                        <svg
                          aria-hidden="true"
                          style="enable-background:new 0 0 60 60;"
                          version="1.1"
                          viewBox="0 0 60 60"
                          x="0px"
                          xml:space="preserve"
                          xmlns="http://www.w3.org/2000/svg"
                          xmlns:xlink="http://www.w3.org/1999/xlink"
                          y="0px"
                        >
                          <circle
                            class="circle-color"
                            cx="30"
                            cy="30"
                            r="30"
                          />
                          <path
                            class="shape-color"
                            d="M30,30.5c-2.7,0-4.8-2.2-4.8-4.8c0-2.7,2.1-4.9,4.8-4.9c2.7,0,4.8,2.2,4.8,4.9C34.8,28.3,32.7,30.5,30,30.5L30,30.5z M30,15c-5.9,0-10.6,4.8-10.6,10.7c0,5.6,4.8,12.7,8,16.2C28.6,43.2,30,45,30,45s1.5-1.8,2.8-3.1c3.1-3.4,7.8-10.2,7.8-16.2C40.6,19.8,35.9,15,30,15z"
                          />
                        </svg>
                      </span>
                    </span>
                  </span>
                  <span
                    class="
                      align-md-center
                      d-flex
                      flex-column
                      flex-md-row
                      justify-md-space-between
                      w-100
                    "
                    id="structures-0-item-0-structure-infos"
                  >
                    <b>
                      address 1
                    </b>
                    <span>
                      <!-- v-if -->
                      AM/FINESS : 1
                    </span>
                  </span>
                </span>
              </span>
            </label>
            <label
              class="
                mb-4
                pointer
                structure-item
                w-100
              "
              for="structures-0-item-1"
              id="structures-0-item-1-label"
            >
              <input
                id="structures-0-item-1"
                name="structures-0"
                type="radio"
                value="valeur 2"
              />
              <span class="
                bg-ap-grey-lighten-4
                d-flex
                flex-column
                hover-style
                px-2
                px-sm-4
                py-2
                rounded
                w-100
              ">
                <!-- v-if -->
                <span class="
                  align-md-center
                  d-flex
                ">
                  <span
                    class="
                      amelipro-icon
                      mr-4
                    "
                    id="structures-0-item-1-icon"
                  >
                    <span
                      aria-hidden="true"
                      class="
                        amelipro-custom-icon
                        custom-color
                        x-large
                      "
                      focusable="false"
                      role="img"
                      style="
                        color: #01B9F5;
                        border-radius: 50%;
                        border: 1px solid #01B9F5;
                      "
                    >
                      <span>
                        <svg
                          aria-hidden="true"
                          style="enable-background:new 0 0 60 60;"
                          version="1.1"
                          viewBox="0 0 60 60"
                          x="0px"
                          xml:space="preserve"
                          xmlns="http://www.w3.org/2000/svg"
                          xmlns:xlink="http://www.w3.org/1999/xlink"
                          y="0px"
                        >
                          <circle
                            class="circle-color"
                            cx="30"
                            cy="30"
                            r="30"
                          />
                          <path
                            class="shape-color"
                            d="M30,30.5c-2.7,0-4.8-2.2-4.8-4.8c0-2.7,2.1-4.9,4.8-4.9c2.7,0,4.8,2.2,4.8,4.9C34.8,28.3,32.7,30.5,30,30.5L30,30.5z M30,15c-5.9,0-10.6,4.8-10.6,10.7c0,5.6,4.8,12.7,8,16.2C28.6,43.2,30,45,30,45s1.5-1.8,2.8-3.1c3.1-3.4,7.8-10.2,7.8-16.2C40.6,19.8,35.9,15,30,15z"
                          />
                        </svg>
                      </span>
                    </span>
                  </span>
                  <span
                    class="
                      align-md-center
                      d-flex
                      flex-column
                      flex-md-row
                      justify-md-space-between
                      w-100
                    "
                    id="structures-0-item-1-structure-infos"
                  >
                    <b>
                      address 2
                    </b>
                    <span>
                      <!-- v-if -->
                      AM/FINESS : 2
                    </span>
                  </span>
                </span>
              </span>
            </label>
            <label
              class="
                mb-4
                pointer
                structure-item
                w-100
              "
              for="structures-0-item-2"
              id="structures-0-item-2-label"
            >
              <input
                id="structures-0-item-2"
                name="structures-0"
                type="radio"
                value="valeur 3"
              />
              <span class="
                bg-ap-grey-lighten-4
                d-flex
                flex-column
                hover-style
                px-2
                px-sm-4
                py-2
                rounded
                w-100
              ">
                <!-- v-if -->
                <span class="
                  align-md-center
                  d-flex
                ">
                  <span
                    class="
                      amelipro-icon
                      mr-4
                    "
                    id="structures-0-item-2-icon"
                  >
                    <span
                      aria-hidden="true"
                      class="
                        amelipro-custom-icon
                        custom-color
                        x-large
                      "
                      focusable="false"
                      role="img"
                      style="
                        color: #01B9F5;
                        border-radius: 50%;
                        border: 1px solid #01B9F5;
                      "
                    >
                      <span>
                        <svg
                          aria-hidden="true"
                          style="enable-background:new 0 0 60 60;"
                          version="1.1"
                          viewBox="0 0 60 60"
                          x="0px"
                          xml:space="preserve"
                          xmlns="http://www.w3.org/2000/svg"
                          xmlns:xlink="http://www.w3.org/1999/xlink"
                          y="0px"
                        >
                          <circle
                            class="circle-color"
                            cx="30"
                            cy="30"
                            r="30"
                          />
                          <path
                            class="shape-color"
                            d="M30,30.5c-2.7,0-4.8-2.2-4.8-4.8c0-2.7,2.1-4.9,4.8-4.9c2.7,0,4.8,2.2,4.8,4.9C34.8,28.3,32.7,30.5,30,30.5L30,30.5z M30,15c-5.9,0-10.6,4.8-10.6,10.7c0,5.6,4.8,12.7,8,16.2C28.6,43.2,30,45,30,45s1.5-1.8,2.8-3.1c3.1-3.4,7.8-10.2,7.8-16.2C40.6,19.8,35.9,15,30,15z"
                          />
                        </svg>
                      </span>
                    </span>
                  </span>
                  <span
                    class="
                      align-md-center
                      d-flex
                      flex-column
                      flex-md-row
                      justify-md-space-between
                      w-100
                    "
                    id="structures-0-item-2-structure-infos"
                  >
                    <b>
                      address 3
                    </b>
                    <span>
                      <!-- v-if -->
                      AM/FINESS : 3
                    </span>
                  </span>
                </span>
              </span>
            </label>
          </div>
        </div>
        <!---->
        <!---->
      </div>
      <div class="
        d-flex
        justify-center
      ">
        <!-- v-if -->
        <!-- v-if -->
      </div>
    </div>
  </div>
  <div
    class="mt-3"
    id="structure-panel-1"
    role="tabpanel"
    tabindex="-1"
  >
    <!-- v-if -->
    <div
      class="structure-list"
      id="structures-1-container"
      max-items-loaded-default="5"
      style="display: none;"
    >
      <div class="
        v-input
        v-input--center-affix
        v-input--density-default
        v-input--horizontal
        v-locale--is-ltr
        v-radio-group
        v-theme--light
        w-100
      ">
        <!---->
        <div class="v-input__control">
          <label
            class="v-label"
            id="structures-1-radio-group"
          >
            <!---->
            liste-structures-2
          </label>
          <div
            aria-labelledby="structures-1-radio-group"
            class="v-selection-control-group"
            column=""
            label="liste-structures-2"
            role="radiogroup"
          >
            <label
              class="
                mb-4
                pointer
                structure-item
                w-100
              "
              for="structures-1-item-0"
              id="structures-1-item-0-label"
            >
              <input
                id="structures-1-item-0"
                name="structures-1"
                type="radio"
                value="valeur 4"
              />
              <span class="
                bg-ap-grey-lighten-4
                d-flex
                flex-column
                hover-style
                px-2
                px-sm-4
                py-2
                rounded
                w-100
              ">
                <!-- v-if -->
                <span class="
                  align-md-center
                  d-flex
                ">
                  <span
                    class="
                      amelipro-icon
                      mr-4
                    "
                    id="structures-1-item-0-icon"
                  >
                    <span
                      aria-hidden="true"
                      class="
                        amelipro-custom-icon
                        custom-color
                        x-large
                      "
                      focusable="false"
                      role="img"
                      style="
                        color: #01B9F5;
                        border-radius: 50%;
                        border: 1px solid #01B9F5;
                      "
                    >
                      <span>
                        <svg
                          aria-hidden="true"
                          style="enable-background:new 0 0 60 60;"
                          version="1.1"
                          viewBox="0 0 60 60"
                          x="0px"
                          xml:space="preserve"
                          xmlns="http://www.w3.org/2000/svg"
                          xmlns:xlink="http://www.w3.org/1999/xlink"
                          y="0px"
                        >
                          <circle
                            class="circle-color"
                            cx="30"
                            cy="30"
                            r="30"
                          />
                          <path
                            class="shape-color"
                            d="M30,30.5c-2.7,0-4.8-2.2-4.8-4.8c0-2.7,2.1-4.9,4.8-4.9c2.7,0,4.8,2.2,4.8,4.9C34.8,28.3,32.7,30.5,30,30.5L30,30.5z M30,15c-5.9,0-10.6,4.8-10.6,10.7c0,5.6,4.8,12.7,8,16.2C28.6,43.2,30,45,30,45s1.5-1.8,2.8-3.1c3.1-3.4,7.8-10.2,7.8-16.2C40.6,19.8,35.9,15,30,15z"
                          />
                        </svg>
                      </span>
                    </span>
                  </span>
                  <span
                    class="
                      align-md-center
                      d-flex
                      flex-column
                      flex-md-row
                      justify-md-space-between
                      w-100
                    "
                    id="structures-1-item-0-structure-infos"
                  >
                    <b>
                      address 4
                    </b>
                    <span>
                      <!-- v-if -->
                      AM/FINESS : 4
                    </span>
                  </span>
                </span>
              </span>
            </label>
            <label
              class="
                mb-4
                pointer
                structure-item
                w-100
              "
              for="structures-1-item-1"
              id="structures-1-item-1-label"
            >
              <input
                id="structures-1-item-1"
                name="structures-1"
                type="radio"
                value="valeur 5"
              />
              <span class="
                bg-ap-grey-lighten-4
                d-flex
                flex-column
                hover-style
                px-2
                px-sm-4
                py-2
                rounded
                w-100
              ">
                <!-- v-if -->
                <span class="
                  align-md-center
                  d-flex
                ">
                  <span
                    class="
                      amelipro-icon
                      mr-4
                    "
                    id="structures-1-item-1-icon"
                  >
                    <span
                      aria-hidden="true"
                      class="
                        amelipro-custom-icon
                        custom-color
                        x-large
                      "
                      focusable="false"
                      role="img"
                      style="
                        color: #01B9F5;
                        border-radius: 50%;
                        border: 1px solid #01B9F5;
                      "
                    >
                      <span>
                        <svg
                          aria-hidden="true"
                          style="enable-background:new 0 0 60 60;"
                          version="1.1"
                          viewBox="0 0 60 60"
                          x="0px"
                          xml:space="preserve"
                          xmlns="http://www.w3.org/2000/svg"
                          xmlns:xlink="http://www.w3.org/1999/xlink"
                          y="0px"
                        >
                          <circle
                            class="circle-color"
                            cx="30"
                            cy="30"
                            r="30"
                          />
                          <path
                            class="shape-color"
                            d="M30,30.5c-2.7,0-4.8-2.2-4.8-4.8c0-2.7,2.1-4.9,4.8-4.9c2.7,0,4.8,2.2,4.8,4.9C34.8,28.3,32.7,30.5,30,30.5L30,30.5z M30,15c-5.9,0-10.6,4.8-10.6,10.7c0,5.6,4.8,12.7,8,16.2C28.6,43.2,30,45,30,45s1.5-1.8,2.8-3.1c3.1-3.4,7.8-10.2,7.8-16.2C40.6,19.8,35.9,15,30,15z"
                          />
                        </svg>
                      </span>
                    </span>
                  </span>
                  <span
                    class="
                      align-md-center
                      d-flex
                      flex-column
                      flex-md-row
                      justify-md-space-between
                      w-100
                    "
                    id="structures-1-item-1-structure-infos"
                  >
                    <b>
                      address 5
                    </b>
                    <span>
                      <!-- v-if -->
                      AM/FINESS : 5
                    </span>
                  </span>
                </span>
              </span>
            </label>
            <label
              class="
                mb-4
                pointer
                structure-item
                w-100
              "
              for="structures-1-item-2"
              id="structures-1-item-2-label"
            >
              <input
                id="structures-1-item-2"
                name="structures-1"
                type="radio"
                value="valeur 6"
              />
              <span class="
                bg-ap-grey-lighten-4
                d-flex
                flex-column
                hover-style
                px-2
                px-sm-4
                py-2
                rounded
                w-100
              ">
                <!-- v-if -->
                <span class="
                  align-md-center
                  d-flex
                ">
                  <span
                    class="
                      amelipro-icon
                      mr-4
                    "
                    id="structures-1-item-2-icon"
                  >
                    <span
                      aria-hidden="true"
                      class="
                        amelipro-custom-icon
                        custom-color
                        x-large
                      "
                      focusable="false"
                      role="img"
                      style="
                        color: #01B9F5;
                        border-radius: 50%;
                        border: 1px solid #01B9F5;
                      "
                    >
                      <span>
                        <svg
                          aria-hidden="true"
                          style="enable-background:new 0 0 60 60;"
                          version="1.1"
                          viewBox="0 0 60 60"
                          x="0px"
                          xml:space="preserve"
                          xmlns="http://www.w3.org/2000/svg"
                          xmlns:xlink="http://www.w3.org/1999/xlink"
                          y="0px"
                        >
                          <circle
                            class="circle-color"
                            cx="30"
                            cy="30"
                            r="30"
                          />
                          <path
                            class="shape-color"
                            d="M30,30.5c-2.7,0-4.8-2.2-4.8-4.8c0-2.7,2.1-4.9,4.8-4.9c2.7,0,4.8,2.2,4.8,4.9C34.8,28.3,32.7,30.5,30,30.5L30,30.5z M30,15c-5.9,0-10.6,4.8-10.6,10.7c0,5.6,4.8,12.7,8,16.2C28.6,43.2,30,45,30,45s1.5-1.8,2.8-3.1c3.1-3.4,7.8-10.2,7.8-16.2C40.6,19.8,35.9,15,30,15z"
                          />
                        </svg>
                      </span>
                    </span>
                  </span>
                  <span
                    class="
                      align-md-center
                      d-flex
                      flex-column
                      flex-md-row
                      justify-md-space-between
                      w-100
                    "
                    id="structures-1-item-2-structure-infos"
                  >
                    <b>
                      address 6
                    </b>
                    <span>
                      <!-- v-if -->
                      AM/FINESS : 6
                    </span>
                  </span>
                </span>
              </span>
            </label>
          </div>
        </div>
        <!---->
        <!---->
      </div>
      <div class="
        d-flex
        justify-center
      ">
        <!-- v-if -->
        <!-- v-if -->
      </div>
    </div>
  </div>
</div>
`;
