// Vitest Snapshot v1, https://vitest.dev/guide/snapshot.html

exports[`Accordion > renders correctly 1`] = `
<div
  class="
    sy-accordion
    sy-accordion--density-default
  "
  style="
    --accordion-hover-color: var(--v-theme-primary);
    --accordion-focus-color: var(--v-theme-primary);
    --accordion-active-color: var(--v-theme-primary);
  "
>
  <div class="
    bg-white
    sy-accordion-item
  ">
    <div
      aria-controls="accordion-content-item1"
      aria-disabled="false"
      aria-expanded="false"
      class="sy-accordion-button"
      id="accordion-button-item1"
      role="button"
      tabindex="0"
    >
      <h2 class="sy-accordion-heading">
        <span class="
          sy-accordion-title
          text-primary
        ">
          <span class="sy-accordion-icon">
            <sy-icon-stub
              autodetectbutton="false"
              decorative="true"
              icon="M7.41,8.58L12,13.17L16.59,8.58L18,10L12,16L6,10L7.41,8.58Z"
            ></sy-icon-stub>
          </span>
          <span>
            Section 1
          </span>
          <!-- v-if -->
        </span>
        <!-- v-if -->
      </h2>
    </div>
    <div
      aria-labelledby="accordion-button-item1"
      class="sy-accordion-content"
      id="accordion-content-item1"
      role="region"
      tabindex="-1"
    >
      <div class="sy-accordion-content-inner">
        <p class="sy-accordion-content-text">
          Contenu de la section 1
        </p>
      </div>
    </div>
  </div>
  <div class="
    bg-white
    sy-accordion-item
  ">
    <div
      aria-controls="accordion-content-item2"
      aria-disabled="false"
      aria-expanded="false"
      class="sy-accordion-button"
      id="accordion-button-item2"
      role="button"
      tabindex="0"
    >
      <h2 class="sy-accordion-heading">
        <span class="
          sy-accordion-title
          text-primary
        ">
          <span class="sy-accordion-icon">
            <sy-icon-stub
              autodetectbutton="false"
              decorative="true"
              icon="M7.41,8.58L12,13.17L16.59,8.58L18,10L12,16L6,10L7.41,8.58Z"
            ></sy-icon-stub>
          </span>
          <span>
            Section 2
          </span>
          <!-- v-if -->
        </span>
        <!-- v-if -->
      </h2>
    </div>
    <div
      aria-labelledby="accordion-button-item2"
      class="sy-accordion-content"
      id="accordion-content-item2"
      role="region"
      tabindex="-1"
    >
      <div class="sy-accordion-content-inner">
        <p class="sy-accordion-content-text">
          Contenu de la section 2
        </p>
      </div>
    </div>
  </div>
  <div class="
    bg-white
    sy-accordion-item
  ">
    <div
      aria-controls="accordion-content-item3"
      aria-disabled="false"
      aria-expanded="false"
      class="sy-accordion-button"
      id="accordion-button-item3"
      role="button"
      tabindex="0"
    >
      <h2 class="sy-accordion-heading">
        <span class="
          sy-accordion-title
          text-primary
        ">
          <span class="sy-accordion-icon">
            <sy-icon-stub
              autodetectbutton="false"
              decorative="true"
              icon="M7.41,8.58L12,13.17L16.59,8.58L18,10L12,16L6,10L7.41,8.58Z"
            ></sy-icon-stub>
          </span>
          <span>
            Section 3
          </span>
          <!-- v-if -->
        </span>
        <!-- v-if -->
      </h2>
    </div>
    <div
      aria-labelledby="accordion-button-item3"
      class="sy-accordion-content"
      id="accordion-content-item3"
      role="region"
      tabindex="-1"
    >
      <div class="sy-accordion-content-inner">
        <div class="sy-accordion-content-item">
          <p class="sy-accordion-content-text">
            <strong>
              Sous-titre de la section 3
            </strong>
          </p>
          <p class="sy-accordion-content-text">
            Contenu détaillé de la section 3
          </p>
        </div>
      </div>
    </div>
  </div>
</div>
`;
