// Vitest Snapshot v1, https://vitest.dev/guide/snapshot.html

exports[`AmeliproIllustratedDataTile > render correctly 1`] = `
<div
  class="
    d-flex
    illustrated-data-tile
    pt-2
  "
  id="my-disclosure-id-container"
  style="width: 100%;"
>
  <div
    class="
      align-center
      ap-white
      d-flex
      flex-column
      illustrated-data-tile__wrapper
      w-100
    "
    style="
      border: 2px solid #EEEEEE !important;
      padding: 2rem 1rem;
    "
  >
    <!-- v-if -->
    <p
      aria-level="2"
      class="
        illustrated-data-tile__label
        mb-0
        text-center
      "
      id="my-disclosure-id-label"
      role="heading"
    >
      <span
        class="
          d-block
          illustrated-data-tile__label-line-1
          text-center
        "
        id="my-disclosure-id-label-line-1"
      >
        ligne 1
      </span>
      <span
        class="
          d-block
          illustrated-data-tile__label-line-2
          text-center
          text-uppercase
        "
        id="my-disclosure-id-label-line-2"
      >
        ligne 2
      </span>
    </p>
    <p
      class="
        illustrated-data-tile__info
        text-center
      "
      id="my-disclosure-id-complementary-info"
    ></p>
  </div>
</div>
`;
