// Vitest Snapshot v1, https://vitest.dev/guide/snapshot.html

exports[`NotificationBar.vue > should render notification bar 1`] = `
<div notification="[object Object]">
  <v-snackbar-stub
    absolute="false"
    activatorprops="[object Object]"
    attach="false"
    class=""
    closeonback="true"
    closeoncontentclick="false"
    color="info"
    contained="false"
    disabled="false"
    eager="true"
    location="top"
    locationstrategy="static"
    modelvalue="true"
    multiline="false"
    openonhover="false"
    origin="auto"
    role="status"
    rounded="4"
    tile="false"
    timeout="-1"
    timer="false"
    transition="v-snackbar-transition"
    variant="elevated"
    vertical="false"
    width="960px"
    zindex="2000"
  ></v-snackbar-stub>
</div>
`;
