// Vitest Snapshot v1, https://vitest.dev/guide/snapshot.html

exports[`AmeliproFilePreview > Snapshots > renders the component with all properties filled in 1`] = `
<div id="test-id-container">
  <amelipro-accordion-stub
    accordiontitle="The card title"
    bordercolor="ap-grey-lighten-2"
    bordered="true"
    cardcolor="ap-white"
    classes="amelipro-file-preview"
    headerrightwidth="50%"
    hideseparator="false"
    isopen="true"
    titlelevel="2"
    titleuppercase="false"
    uniqueid="test-id"
  ></amelipro-accordion-stub>
</div>
`;

exports[`AmeliproFilePreview > Snapshots > renders the component with only required properties filled in 1`] = `
<div id="required-unique-id-container">
  <amelipro-card-stub
    bordercolor="ap-grey-lighten-2"
    bordered="true"
    cardcolor="ap-white"
    cardtitle="Required card title"
    classes="amelipro-file-preview"
    divider="true"
    headerrightwidth="50%"
    id="required-unique-id"
    nocardheader="false"
    rightpart="false"
    rightpartwidth="25%"
    titlecolor="ap-grey-darken-1"
    titlelevel="2"
  ></amelipro-card-stub>
</div>
`;
