// Vitest Snapshot v1, https://vitest.dev/guide/snapshot.html

exports[`MaintenancePage > renders correctly 1`] = `"<error-page-stub data-v-25a0ed68="" pagetitle="Maintenance en cours" message="L’application n’est pas disponible pour le moment, veuillez nous excuser pour la gêne occasionnée." codeerrortext="Code d'erreur&nbsp;: " btnlink="/" hidebtn="false" no-btn=""></error-page-stub>"`;
