// Vitest Snapshot v1, https://vitest.dev/guide/snapshot.html

exports[`MaintenancePage > renders correctly 1`] = `
<error-page-stub
  btnlink="/"
  codeerrortext="Code d'erreur : "
  hidebtn="false"
  message="L’application n’est pas disponible pour le moment, veuillez nous excuser pour la gêne occasionnée."
  no-btn=""
  pagetitle="Maintenance en cours"
></error-page-stub>
`;
