// Vitest Snapshot v1, https://vitest.dev/guide/snapshot.html

exports[`SyIconButton > passes the color prop to SyIcon 1`] = `
<button
  aria-label="Fermer"
  class="rounded-xl"
>
  <span
    aria-hidden="true"
    class="sy-icon"
  ></span>
</button>
`;

exports[`SyIconButton > passes the size prop to v-btn 1`] = `
<button
  aria-label="Fermer"
  class="rounded-xl"
>
  <span
    aria-hidden="true"
    class="sy-icon"
  ></span>
</button>
`;

exports[`SyIconButton > passes the variant prop to v-btn 1`] = `
<button
  aria-label="Fermer"
  class="rounded-xl"
>
  <span
    aria-hidden="true"
    class="sy-icon"
  ></span>
</button>
`;

exports[`SyIconButton > renders correctly 1`] = `
<button
  aria-label="Fermer"
  class="rounded-xl"
>
  <span
    aria-hidden="true"
    class="sy-icon"
  ></span>
</button>
`;

exports[`SyIconButton > uses text variant by default 1`] = `
<button
  aria-label="Fermer"
  class="rounded-xl"
>
  <span
    aria-hidden="true"
    class="sy-icon"
  ></span>
</button>
`;
