// Vitest Snapshot v1, https://vitest.dev/guide/snapshot.html

exports[`AmeliproBadge > Snapshots > renders the component with all properties filled in 1`] = `
<span
  class="
    amelipro-badge
    round-custom
  "
  id="modified-unique-id"
  style="background-color: #FFFFFF;"
>
  <span
    class="amelipro-badge__content"
    style="color: #0C419A;"
  >
    modified badge content
  </span>
</span>
`;

exports[`AmeliproBadge > Snapshots > renders the component with only required properties filled in 1`] = `
<p
  class="
    amelipro-badge
    round-classic
  "
  style="background-color: #00749C;"
>
  <span
    class="amelipro-badge__content"
    style="color: #FFFFFF;"
  ></span>
</p>
`;
