// Vitest Snapshot v1, https://vitest.dev/guide/snapshot.html

exports[`HeaderBurgerMenu > should render the component 1`] = `
<div class="overlay">
  <div
    class="menu-wrapper"
    role="menu"
    style="
      left: 0px;
      top: 0px;
      height: calc(100vh - 0px - 48px);
    "
  >
    <button>
      Test
    </button>
    <nav
      aria-label="Menu public"
      class="header-menu-wrapper"
      id="header-menu-wrapper"
      role="navigation"
    >
      <div class="header-menu">
        <div>
          Default slot
        </div>
      </div>
    </nav>
  </div>
</div>
`;
