// Vitest Snapshot v1, https://vitest.dev/guide/snapshot.html

exports[`AmeliproTabBtn > render correctly 1`] = `
<button
  aria-controls="content-id"
  aria-selected="false"
  class="
    amelipro-tab__btn
    pa-4
    text-uppercase
  "
  id="my-tab-btn-id"
  role="tab"
  style="background-color: #E6F6FC; border: 1px solid #DDDEDE; color: #00749C;"
  tabindex="0"
  type="button"
>
  <span
    class="
      align-center
      amelipro-tab__btn__content
      d-flex
    "
    id="my-tab-btn-id-notification-content"
  >
    <!-- v-if -->
  </span>
</button>
`;
