// Vitest Snapshot v1, https://vitest.dev/guide/snapshot.html

exports[`AmeliproTextArea > Snapshots > renders the component with all properties filled in 1`] = `
<div
  class="
    amelipro-textarea
    d-flex
    flex-column
    flex-md-row
    modified-classes
  "
  id="modified-unique-id-container"
  style="
    margin-bottom: 12px;
    max-width: 300px;
    min-width: 100px;
    width: 200px;
  "
>
  <div class="
    align-baseline
    d-inline-flex
    mb-1
    mr-md-2
    mt-md-2
  ">
    <label
      class="
        amelipro-textarea__label
        mr-2
      "
      for="modified-unique-id"
      id="modified-unique-id-label"
      style="
        max-width: 120px;
        min-width: 60px;
      "
    >
      Modified label
      <span>
        <span aria-hidden="true">
          &nbsp;*
        </span>
        <span class="d-sr-only">
          &nbsp;Champ obligatoire
        </span>
      </span>
    </label>
  </div>
  <textarea
    aria-describedby="modified-unique-id-error"
    auto-grow=""
    bg-color="ap-grey-lighten-2"
    class="amelipro-textarea-input"
    color="ap-blue-darken-1"
    counter="100"
    disabled=""
    id="modified-unique-id"
    modelvalue="Modified model value"
    readonly=""
    required=""
    rules="() => true,(value) => {
    let valid;
    if (Array.isArray(value)) {
      valid = value.length !== 0;
    } else if (typeof value === "string") {
      valid = value.trim() !== "";
    } else {
      valid = value !== null && value !== void 0;
    }
    return valid || __vite_ssr_import_0__.ruleMessage(errorMessages, "default");
  }"
    style="
      max-width: 150px;
      min-width: 50px;
      background-color: transparent;
    "
    validate-on="input"
    variant="outlined"
  ></textarea>
</div>
`;

exports[`AmeliproTextArea > Snapshots > renders the component with only required properties filled in 1`] = `
<div
  class="
    amelipro-textarea
    d-flex
    flex-column
  "
  id="required-unique-id-container"
  style="margin-bottom: 12px;"
>
  <div class="
    align-baseline
    d-inline-flex
    mb-1
  ">
    <label
      class="
        amelipro-textarea__label
        mr-2
      "
      for="required-unique-id"
      id="required-unique-id-label"
    >
      Required label
      <!-- v-if -->
    </label>
  </div>
  <textarea
    aria-describedby="required-unique-id-error"
    auto-grow=""
    bg-color="ap-white"
    class="amelipro-textarea-input"
    color="ap-blue-darken-1"
    counter="255"
    id="required-unique-id"
    rules=""
    variant="outlined"
  ></textarea>
</div>
`;
