// Vitest Snapshot v1, https://vitest.dev/guide/snapshot.html

exports[`AmeliproCheckbox > render correctly 1`] = `
<div id="my-checkbox-id-container">
  <div class="
    align-center
    amelipro-checkbox
    d-flex
  ">
    <div
      aria-checked="false"
      aria-disabled="false"
      class="
        align-center
        amelipro-checkbox-input
        d-inline-flex
        flex-row
        mr-0
        text-body-1
      "
      id="my-checkbox-id"
      role="checkbox"
      tabindex="0"
    >
      <span
        class="
          checkbox-label
          text-ap-grey-darken-1
        "
        id="my-checkbox-id-label-text"
      >
        Exemple de checkbox
        <!-- v-if -->
        <!-- v-if -->
      </span>
    </div>
  </div>
  <!-- v-if -->
</div>
`;
