// Vitest Snapshot v1, https://vitest.dev/guide/snapshot.html

exports[`AmeliproIllustratedRadioGroup > Snapshots > renders the component with all properties filled in 1`] = `
<div
  class="amelipro-illustrated-radio-group"
  id="modified-unique-id-container"
>
  <div>
    <div
      class="
        align-center
        amelipro-illustrated-radio-group__label-wrapper
        d-flex
        mr-2
      "
      id="modified-unique-id-label-group"
    >
      <p
        class="
          amelipro-illustrated-radio-group__label
          d-inline-flex
          mb-0
        "
        id="modified-unique-id"
      >
        Modified group label
        <span
          aria-hidden="true"
          class="d-inline-flex"
        >
          &nbsp;*
        </span>
        <span class="d-sr-only">
          &nbsp;Champ obligatoire
        </span>
      </p>
    </div>
    <div
      aria-labelledby="modified-unique-id"
      aria-required="true"
      class="
        amelipro-illustrated-radio-group__group
        mt-2
      "
      role="radiogroup"
    >
      <ul
        class="
          amelipro-illustrated-radio-group__list
          d-flex
          flex-wrap
          list-style-none
        "
        id="modified-unique-id-list"
      >
        <li
          class="amelipro-illustrated-radio-group__item"
          id="modified-unique-id-item-0"
        >
          <label
            class="
              align-center
              amelipro-illustrated-radio-group__item__label
              d-inline-flex
              flex-row
              mb-2
              mr-2
            "
            for="modified-unique-id-input-0"
            id="modified-unique-id-label-0"
          >
            <input
              aria-checked="false"
              aria-describedby="modified-unique-id-error"
              disabled=""
              id="modified-unique-id-input-0"
              name="modified-unique-id-name"
              required=""
              type="radio"
              value="the-item-value-1"
            />
            <span class="
              align-center
              amelipro-illustrated-radio-group__item__label__content
              d-flex
              flex-column
            ">
              <span class="
                align-center
                bg-ap-blue-lighten-3
                d-flex
                flex-column
                icon-radio__wrapper
                pa-4
              ">
                <amelipro-icon-stub
                  bordered="false"
                  icon="vaccination"
                  iconbgcolor="transparent"
                  iconcolor="ap-yellow"
                  large="false"
                  medium="false"
                  size="modified-icon-size"
                  small="false"
                  uniqueid="modified-unique-id-icon-0"
                  widthauto="false"
                  xlarge="false"
                ></amelipro-icon-stub>
                <span
                  class="
                    amelipro-illustrated-radio-group__item-label-text
                    mt-4
                    text-ap-blue-darken-1
                  "
                  id="modified-unique-id-label-text-0"
                >
                  the item label 1
                </span>
              </span>
            </span>
          </label>
        </li>
        <li
          class="amelipro-illustrated-radio-group__item"
          id="modified-unique-id-item-1"
        >
          <label
            class="
              align-center
              amelipro-illustrated-radio-group__item__label
              d-inline-flex
              flex-row
              mb-2
              mr-2
            "
            for="modified-unique-id-input-1"
            id="modified-unique-id-label-1"
          >
            <input
              aria-checked="false"
              aria-describedby="modified-unique-id-error"
              disabled=""
              id="modified-unique-id-input-1"
              name="modified-unique-id-name"
              required=""
              type="radio"
              value="the-item-value-2"
            />
            <span class="
              align-center
              amelipro-illustrated-radio-group__item__label__content
              d-flex
              flex-column
            ">
              <span class="
                align-center
                bg-ap-blue-lighten-3
                d-flex
                flex-column
                icon-radio__wrapper
                pa-4
              ">
                <amelipro-icon-stub
                  bordered="false"
                  icon="vaccination"
                  iconbgcolor="transparent"
                  iconcolor="ap-green"
                  large="false"
                  medium="false"
                  size="modified-icon-size"
                  small="false"
                  uniqueid="modified-unique-id-icon-1"
                  widthauto="false"
                  xlarge="false"
                ></amelipro-icon-stub>
                <span
                  class="
                    amelipro-illustrated-radio-group__item-label-text
                    mt-4
                    text-ap-blue-darken-1
                  "
                  id="modified-unique-id-label-text-1"
                >
                  the item label 2
                </span>
              </span>
            </span>
          </label>
        </li>
        <li
          class="amelipro-illustrated-radio-group__item"
          id="modified-unique-id-item-2"
        >
          <label
            class="
              align-center
              amelipro-illustrated-radio-group__item__label
              d-inline-flex
              flex-row
              mb-2
              mr-2
            "
            for="modified-unique-id-input-2"
            id="modified-unique-id-label-2"
          >
            <input
              aria-checked="false"
              aria-describedby="modified-unique-id-error"
              disabled=""
              id="modified-unique-id-input-2"
              name="modified-unique-id-name"
              required=""
              type="radio"
              value="the-item-value-3"
            />
            <span class="
              align-center
              amelipro-illustrated-radio-group__item__label__content
              d-flex
              flex-column
            ">
              <span class="
                align-center
                bg-ap-blue-lighten-3
                d-flex
                flex-column
                icon-radio__wrapper
                pa-4
              ">
                <amelipro-icon-stub
                  bordered="false"
                  icon="vaccination"
                  iconbgcolor="transparent"
                  iconcolor="ap-red"
                  large="false"
                  medium="false"
                  size="modified-icon-size"
                  small="false"
                  uniqueid="modified-unique-id-icon-2"
                  widthauto="false"
                  xlarge="false"
                ></amelipro-icon-stub>
                <span
                  class="
                    amelipro-illustrated-radio-group__item-label-text
                    mt-4
                    text-ap-blue-darken-1
                  "
                  id="modified-unique-id-label-text-2"
                >
                  the item label 3
                </span>
              </span>
            </span>
          </label>
        </li>
      </ul>
    </div>
  </div>
  <amelipro-message-stub
    alignstart="false"
    borderleftmessage="false"
    dark="false"
    dismissible="false"
    noicon="true"
    text="true"
    type="error"
    uniqueid="modified-unique-id-error"
    value="true"
    width="100%"
  ></amelipro-message-stub>
</div>
`;

exports[`AmeliproIllustratedRadioGroup > Snapshots > renders the component with only required properties filled in 1`] = `
<div
  class="amelipro-illustrated-radio-group"
  id="required-unique-id-container"
>
  <div>
    <div
      class="
        align-center
        amelipro-illustrated-radio-group__label-wrapper
        d-flex
        mr-2
      "
      id="required-unique-id-label-group"
    >
      <p
        class="
          amelipro-illustrated-radio-group__label
          d-inline-flex
          mb-0
        "
        id="required-unique-id"
      >
        Required group label
        <!-- v-if -->
        <!-- v-if -->
      </p>
    </div>
    <div
      aria-labelledby="required-unique-id"
      aria-required="false"
      class="
        amelipro-illustrated-radio-group__group
        mt-2
      "
      role="radiogroup"
    >
      <ul
        class="
          amelipro-illustrated-radio-group__list
          d-flex
          flex-wrap
          list-style-none
        "
        id="required-unique-id-list"
      ></ul>
    </div>
  </div>
  <!-- v-if -->
</div>
`;
